// Jest Snapshot v1, https://goo.gl/fbAQLP

exports[`<Stars  /> Renders stars component 1`] = `
<span
  style={
    Object {
      "cursor": "default",
    }
  }
>
  <span
    className="star"
    onClick={[Function]}
  >
    ★
  </span>
  <span
    className="star"
    onClick={[Function]}
  >
    ★
  </span>
  <span
    className="star"
    onClick={[Function]}
  >
    ★
  </span>
  <span
    className="star"
    onClick={[Function]}
  >
    ☆
  </span>
  <span
    className="star"
    onClick={[Function]}
  >
    ☆
  </span>
</span>
`;
